INFO:root:Fin del programa2020-/m-12
